---
source: crates/syntax/src/parser/tests.rs
expression: module
---
Module {
    imports: [
        Import {
            path: [
                "a",
                "b",
            ],
            alias: None,
        },
    ],
    symbols: Symbols {
        fns: {},
        classes: {},
        traits: {},
        aliases: {},
    },
    top_level: [],
}
