---
source: crates/syntax/src/parser/tests.rs
expression: result
---
Ok(
    Tuple {
        fields: [
            Int {
                value: 0,
            },
            Int {
                value: 1,
            },
        ],
    },
)
