---
source: crates/syntax/src/parser/tests.rs
expression: result
---
Ok(
    Lambda {
        params: [
            "a",
            "b",
        ],
        body: Block {
            items: [],
            last: None,
        },
    },
)
