---
source: crates/syntax/src/parser/tests.rs
expression: node.unwrap()
---
SpawnBlock(
    Block {
        items: [
            GetVar {
                name: "a",
            },
        ],
        last: None,
    },
)
