---
source: crates/syntax/src/parser/tests.rs
expression: "(result, parser.errors)"
---
(
    Ok(
        SetVar {
            name: "a",
            value: GetVar {
                name: "b",
            },
            op: Some(
                Pow,
            ),
        },
    ),
    [],
)
