---
source: crates/syntax/src/parser/tests.rs
expression: result
---
Ok(
    SetVar {
        name: "a",
        value: GetVar {
            name: "b",
        },
        op: Some(
            Add,
        ),
    },
)
