---
source: crates/syntax/src/parser/tests.rs
expression: "(result, parser.errors)"
---
(
    Ok(
        Tuple {
            items: [
                Path {
                    segments: [
                        Segment {
                            ident: "A",
                            generic_args: [],
                        },
                    ],
                },
            ],
        },
    ),
    [],
)
