---
source: crates/syntax/src/parser/tests.rs
expression: node.unwrap()
---
Range {
    start: Int {
        value: 0,
    },
    end: Int {
        value: 1,
    },
}
