---
source: crates/syntax/src/parser/tests.rs
expression: result
---
Ok(
    If(
        If {
            branches: [
                (
                    Literal(
                        Bool(
                            Bool {
                                value: true,
                            },
                        ),
                    ),
                    Block {
                        items: [
                            Expr(
                                GetVar(
                                    GetVar {
                                        name: "a",
                                    },
                                ),
                            ),
                            Expr(
                                GetVar(
                                    GetVar {
                                        name: "b",
                                    },
                                ),
                            ),
                        ],
                        last: None,
                    },
                ),
            ],
            else_: Some(
                Block {
                    items: [
                        Expr(
                            GetVar(
                                GetVar {
                                    name: "a",
                                },
                            ),
                        ),
                        Expr(
                            GetVar(
                                GetVar {
                                    name: "b",
                                },
                            ),
                        ),
                    ],
                    last: None,
                },
            ),
        },
    ),
)
