---
source: crates/syntax/src/parser/tests.rs
expression: node.unwrap()
---
Lambda {
    params: [
        "a",
    ],
    body: Block {
        items: [
            GetVar {
                name: "a",
            },
        ],
        last: Some(
            GetVar {
                name: "b",
            },
        ),
    },
}
