---
source: crates/syntax/src/parser/tests.rs
expression: node.unwrap()
---
Lambda {
    params: [
        "a",
        "b",
    ],
    body: Block {
        items: [
            GetVar {
                name: "a",
            },
        ],
        last: None,
    },
}
