---
source: crates/syntax/src/parser/tests.rs
expression: node.unwrap()
---
Fn {
    params: [
        Path {
            segments: [
                Segment {
                    ident: "A",
                    generic_args: [],
                },
            ],
        },
    ],
    ret: None,
}
