---
source: crates/syntax/src/parser/tests.rs
expression: result
---
Ok(
    Copy(
        Int {
            value: 0,
        },
        Int {
            value: 100,
        },
    ),
)
