---
source: crates/syntax/src/parser/tests.rs
expression: result
---
Ok(
    Return(
        Some(
            Int {
                value: 10,
            },
        ),
    ),
)
