---
source: crates/syntax/src/parser/tests.rs
expression: "(result, parser.errors)"
---
(
    Ok(
        GetField {
            opt: true,
            target: GetVar {
                name: "a",
            },
            key: "b",
        },
    ),
    [],
)
