---
source: crates/syntax/src/parser/tests.rs
expression: result
---
Ok(
    Module {
        imports: [],
        symbols: Symbols {
            fns: {},
            classes: {},
            traits: {},
            aliases: {},
        },
        top_level: [
            Let(
                Let {
                    name: "v",
                    ty: None,
                    value: Literal(
                        Str(
                            Str {
                                value: "test",
                            },
                        ),
                    ),
                },
            ),
        ],
    },
)
