---
source: crates/syntax/src/parser/tests.rs
expression: result
---
Ok(
    Module {
        imports: [
            Import {
                path: [
                    "a",
                    "b",
                    "c",
                ],
                alias: None,
            },
        ],
        symbols: Symbols {
            fns: {},
            classes: {},
            traits: {},
            aliases: {},
        },
        top_level: [],
    },
)
