---
source: crates/syntax/src/parser/tests.rs
expression: "(result, parser.errors)"
---
(
    Ok(
        Lambda {
            params: [
                "a",
            ],
            body: Block {
                items: [
                    GetVar {
                        name: "a",
                    },
                ],
                last: None,
            },
        },
    ),
    [],
)
