---
source: crates/syntax/src/parser/tests.rs
expression: node.unwrap()
---
RangeEx(
    Some(
        Int {
            value: 1,
        },
    ),
    None,
)
