---
source: crates/syntax/src/parser/tests.rs
expression: result
---
Ok(
    Literal(
        Str(
            Str {
                value: "test \n",
            },
        ),
    ),
)
