---
source: crates/syntax/src/parser/tests.rs
expression: node.unwrap()
---
Block {
    items: [],
    last: Some(
        Block {
            items: [],
            last: Some(
                Int {
                    value: 0,
                },
            ),
        },
    ),
}
