---
source: tests/infer.rs
expression: bindings
---
inner:
  - - x
    - - Builtin: Int

