---
source: tests/infer.rs
expression: bindings
---
inner:
  - - f
    - - Function:
          param:
            - a
            - Builtin: Int
          ret:
            Builtin: Int

