---
source: tests/parser.rs
expression: errors
---
- MissingToken:
    expected: Semicolon
    found:
      lexeme: let
      kind: Let
- MissingToken:
    expected: Semicolon
    found:
      lexeme: ""
      kind: Eof

